Microsoft Windows [Version 6.1.7601]
Copyright (c) 2009 Microsoft Corporation.  All rights reserved.

C:\Users\EXL252>cd C:\Users\EXL252\OneDrive\Privé\bat development

C:\Users\EXL252\OneDrive\Privé\bat development>pinglist
"AALTV201"      was not pingable.
"AAPOV201"      was not pingable.
"AAXWV201"      was not pingable.
"AHTIV201"      was not pingable.
"APHPV201"      was not pingable.
"APHPV202"      was not pingable.
"APHPV203"      was not pingable.
"APHPV401"      was not pingable.
"APHPV402"      was not pingable.
"ASZBAV201"     was not pingable.
"ASZBAV202"     was not pingable.
"ASZBAV203"     was not pingable.
"DAPOV201"      was not pingable.
"DAXWV201"      was not pingable.
"DCBSV401"      was not pingable.
"DCBSV402"      was not pingable.
"DESBV401"      was not pingable.
"DITUV201"      was not pingable.
"DNETV201"      was not pingable.
"DNETV202"      was not pingable.
"DPHPV201"      was not pingable.
"DSZBDV201"     was not pingable.
"DSZBDV202"     was not pingable.
"DSZBSV201"     was not pingable.
"FSZBFV201"     was not pingable.
"FSZBFV202"     was not pingable.
"NIDHV201"      was not pingable.
"NIDHV202"      was not pingable.
"NIDHV203"      was not pingable.
"NIDHV401"      was not pingable.
"NIDHV402"      was not pingable.
"NIDHV403"      was not pingable.
"NNLBV201"      was not pingable.
"NNLBV401"      was not pingable.
"NPWKV201"      was not pingable.
"PAPOV201"      was not pingable.
"PAXWV201"      was not pingable.
"PCACV201"      was not pingable.
"PCWMV002"      was not pingable.
"PCWSV005"      was not pingable.
"PDBOV401"      was not pingable.
"PICMV201"      was not pingable.
"PICMV401"      was not pingable.
"PIDHV201"      was not pingable.
"PIDHV202"      was not pingable.
"PIDHV203"      was not pingable.
"PIDHV204"      was not pingable.
"PIDHV401"      was not pingable.
"PIDHV402"      was not pingable.
"PIDHV404"      was not pingable.
"PIEMV206"      was not pingable.
"PIEMV406"      was not pingable.
"PINFV201"      was not pingable.
"PITUV201"      was not pingable.
"PJBSV404"      was not pingable.
"PLCEV201"      was not pingable.
"PMASV401"      was not pingable.
"PNBUV203"      was not pingable.
"PNLBV201"      was not pingable.
"PNLBV401"      was not pingable.
"PNSCV201"      was not pingable.
"POEMV401"      was not pingable.
"POVMV401"      was not pingable.
"PPHPV201"      was not pingable.
"PPHPV202"      was not pingable.
"PPHPV203"      was not pingable.
"PPHPV401"      was not pingable.
"PPHPV402"      was not pingable.
"PPWKV201"      was not pingable.
"PRHSV201"      was not pingable.
"PRHSV401"      was not pingable.
"PSLOV201"      was not pingable.
"PSZBPV201"     was not pingable.
"PSZBPV202"     was not pingable.
"PSZBPV203"     was not pingable.
"PSZBPV204"     was not pingable.
"PSZBPV401"     was not pingable.
"PSZBPV402"     was not pingable.
"PSZBPV403"     was not pingable.
"PSZBPV404"     was not pingable.
"TIDHV401"      was not pingable.
"TSZBTV201"     was not pingable.
"TSZBTV202"     was not pingable.
"TSZBTV203"     was not pingable.
"TSZBTV204"     was not pingable.
"TSZBTV401"     was not pingable.
"TSZBTV402"     was not pingable.
"TSZBTV403"     was not pingable.
"TSZBTV404"     was not pingable.
"XANSV401"      was not pingable.
"XEMSV201"      was not pingable.
"XEMSV202"      was not pingable.
"XEMSV203"      was not pingable.
"XEMSV204"      was not pingable.
"XEMSV401"      was not pingable.
"XEMSV402"      was not pingable.
"XEMSV404"      was not pingable.
"XINFV201"      was not pingable.
"XINFV202"      was not pingable.
"XPHPV201"      was not pingable.
"XSZBXV201"     was not pingable.
"PHANS201"      was not pingable.
"PHANS401"      was not pingable.
"PSHANS203"     was not pingable.
"PBWAB401"      was not pingable.
"PBWAB402"      was not pingable.
"PBWAB403"      was not pingable.
"PBWAB404"      was not pingable.
"PBWAB405"      was not pingable.
""      was pingable.

C:\Users\EXL252\OneDrive\Privé\bat development>echo test >2

C:\Users\EXL252\OneDrive\Privé\bat development>echo test 2>
The syntax of the command is incorrect.

C:\Users\EXL252\OneDrive\Privé\bat development>help echo
Displays messages, or turns command-echoing on or off.

  ECHO [ON | OFF]
  ECHO [message]

Type ECHO without parameters to display the current echo setting.

C:\Users\EXL252\OneDrive\Privé\bat development>echo test 1>&2
test

C:\Users\EXL252\OneDrive\Privé\bat development>set
ALLUSERSPROFILE=C:\ProgramData
APPDATA=C:\Users\EXL252\AppData\Roaming
CommonProgramFiles=C:\Program Files\Common Files
CommonProgramFiles(x86)=C:\Program Files (x86)\Common Files
CommonProgramW6432=C:\Program Files\Common Files
COMPUTERNAME=PO171501616
ComSpec=C:\windows\system32\cmd.exe
FP_NO_HOST_CHECK=NO
HOMEDRIVE=C:
HOMEPATH=\Users\EXL252
LOCALAPPDATA=C:\Users\EXL252\AppData\Local
LOGONSERVER=\\HICTBLOCKDC002
NUMBER_OF_PROCESSORS=4
OneDrive=C:\Users\EXL252\OneDrive
OS=Windows_NT
Path=C:\Apps\Oracle\Ora102\bin;C:\windows\system32;C:\windows;C:\windows\System32\Wbem;C:\windows\System32\WindowsPowerShell
\v1.0\;C:\windows\System32\WindowsPowerShell\v1.0\;C:\Program Files\Git\cmd;C:\Program Files\PuTTY\;C:\Strawberry\c\bin;C:\S
trawberry\perl\site\bin;C:\Strawberry\perl\bin;C:\Users\EXL252\AppData\Local\atom\bin
PATHEXT=.COM;.EXE;.BAT;.CMD;.VBS;.VBE;.JS;.JSE;.WSF;.WSH;.MSC
PINGABLE=pingable
PLMVIS_82_LIBPATH=C:\Program Files (x86)\SAP\FrontEnd\SAPgui\Program
PROCESSOR_ARCHITECTURE=AMD64
PROCESSOR_IDENTIFIER=Intel64 Family 6 Model 78 Stepping 3, GenuineIntel
PROCESSOR_LEVEL=6
PROCESSOR_REVISION=4e03
ProgramData=C:\ProgramData
ProgramFiles=C:\Program Files
ProgramFiles(x86)=C:\Program Files (x86)
ProgramW6432=C:\Program Files
PROMPT=$P$G
PSModulePath=C:\Program Files\WindowsPowerShell\Modules;C:\windows\system32\WindowsPowerShell\v1.0\Modules
PUBLIC=C:\Users\Public
SESSIONNAME=Console
SNC_LIB=C:\Program Files (x86)\SAP\FrontEnd\SapGui\Encryption\secgss.dll
SystemDrive=C:
SystemRoot=C:\windows
TCVIS_ENABLE_AERO=True
TEMP=C:\Users\EXL252\AppData\Local\Temp
TMP=C:\Users\EXL252\AppData\Local\Temp
USERDNSDOMAIN=MSNET.RAILB.BE
USERDOMAIN=MSNET
USERDOMAIN_ROAMINGPROFILE=MSNET
USERNAME=EXL252
USERPROFILE=C:\Users\EXL252
windir=C:\windows
windows_tracing_flags=3
windows_tracing_logfile=C:\BVTBin\Tests\installpackage\csilogfile.log

C:\Users\EXL252\OneDrive\Privé\bat development>net
The syntax of this command is:

NET
    [ ACCOUNTS | COMPUTER | CONFIG | CONTINUE | FILE | GROUP | HELP |
      HELPMSG | LOCALGROUP | PAUSE | SESSION | SHARE | START |
      STATISTICS | STOP | TIME | USE | USER | VIEW ]

C:\Users\EXL252\OneDrive\Privé\bat development>help for
Runs a specified command for each file in a set of files.

FOR %variable IN (set) DO command [command-parameters]

  %variable  Specifies a single letter replaceable parameter.
  (set)      Specifies a set of one or more files.  Wildcards may be used.
  command    Specifies the command to carry out for each file.
  command-parameters
             Specifies parameters or switches for the specified command.

To use the FOR command in a batch program, specify %%variable instead
of %variable.  Variable names are case sensitive, so %i is different
from %I.

If Command Extensions are enabled, the following additional
forms of the FOR command are supported:

FOR /D %variable IN (set) DO command [command-parameters]

    If set contains wildcards, then specifies to match against directory
    names instead of file names.

FOR /R [[drive:]path] %variable IN (set) DO command [command-parameters]

    Walks the directory tree rooted at [drive:]path, executing the FOR
    statement in each directory of the tree.  If no directory
    specification is specified after /R then the current directory is
    assumed.  If set is just a single period (.) character then it
    will just enumerate the directory tree.

FOR /L %variable IN (start,step,end) DO command [command-parameters]

    The set is a sequence of numbers from start to end, by step amount.
    So (1,1,5) would generate the sequence 1 2 3 4 5 and (5,-1,1) would
    generate the sequence (5 4 3 2 1)

FOR /F ["options"] %variable IN (file-set) DO command [command-parameters]
FOR /F ["options"] %variable IN ("string") DO command [command-parameters]
FOR /F ["options"] %variable IN ('command') DO command [command-parameters]

    or, if usebackq option present:

FOR /F ["options"] %variable IN (file-set) DO command [command-parameters]
FOR /F ["options"] %variable IN ('string') DO command [command-parameters]
FOR /F ["options"] %variable IN (`command`) DO command [command-parameters]

    file-set is one or more file names.  Each file is opened, read
    and processed before going on to the next file in file-set.
    Processing consists of reading in the file, breaking it up into
    individual lines of text and then parsing each line into zero or
    more tokens.  The body of the for loop is then called with the
    variable value(s) set to the found token string(s).  By default, /F
    passes the first blank separated token from each line of each file.
    Blank lines are skipped.  You can override the default parsing
    behavior by specifying the optional "options" parameter.  This
    is a quoted string which contains one or more keywords to specify
    different parsing options.  The keywords are:

        eol=c           - specifies an end of line comment character
                          (just one)
        skip=n          - specifies the number of lines to skip at the
                          beginning of the file.
        delims=xxx      - specifies a delimiter set.  This replaces the
                          default delimiter set of space and tab.
        tokens=x,y,m-n  - specifies which tokens from each line are to
                          be passed to the for body for each iteration.
                          This will cause additional variable names to
                          be allocated.  The m-n form is a range,
                          specifying the mth through the nth tokens.  If
                          the last character in the tokens= string is an
                          asterisk, then an additional variable is
                          allocated and receives the remaining text on
                          the line after the last token parsed.
        usebackq        - specifies that the new semantics are in force,
                          where a back quoted string is executed as a
                          command and a single quoted string is a
                          literal string command and allows the use of
                          double quotes to quote file names in
                          file-set.

    Some examples might help:

FOR /F "eol=; tokens=2,3* delims=, " %i in (myfile.txt) do @echo %i %j %k

    would parse each line in myfile.txt, ignoring lines that begin with
    a semicolon, passing the 2nd and 3rd token from each line to the for
    body, with tokens delimited by commas and/or spaces.  Notice the for
    body statements reference %i to get the 2nd token, %j to get the
    3rd token, and %k to get all remaining tokens after the 3rd.  For
    file names that contain spaces, you need to quote the filenames with
    double quotes.  In order to use double quotes in this manner, you also
    need to use the usebackq option, otherwise the double quotes will be
    interpreted as defining a literal string to parse.

    %i is explicitly declared in the for statement and the %j and %k
    are implicitly declared via the tokens= option.  You can specify up
    to 26 tokens via the tokens= line, provided it does not cause an
    attempt to declare a variable higher than the letter 'z' or 'Z'.
    Remember, FOR variables are single-letter, case sensitive, global,
    and you can't have more than 52 total active at any one time.

    You can also use the FOR /F parsing logic on an immediate string, by
    making the file-set between the parenthesis a quoted string,
    using single quote characters.  It will be treated as a single line
    of input from a file and parsed.

    Finally, you can use the FOR /F command to parse the output of a
    command.  You do this by making the file-set between the
    parenthesis a back quoted string.  It will be treated as a command
    line, which is passed to a child CMD.EXE and the output is captured
    into memory and parsed as if it was a file.  So the following
    example:

      FOR /F "usebackq delims==" %i IN (`set`) DO @echo %i

    would enumerate the environment variable names in the current
    environment.

In addition, substitution of FOR variable references has been enhanced.
You can now use the following optional syntax:

    %~I         - expands %I removing any surrounding quotes (")
    %~fI        - expands %I to a fully qualified path name
    %~dI        - expands %I to a drive letter only
    %~pI        - expands %I to a path only
    %~nI        - expands %I to a file name only
    %~xI        - expands %I to a file extension only
    %~sI        - expanded path contains short names only
    %~aI        - expands %I to file attributes of file
    %~tI        - expands %I to date/time of file
    %~zI        - expands %I to size of file
    %~$PATH:I   - searches the directories listed in the PATH
                   environment variable and expands %I to the
                   fully qualified name of the first one found.
                   If the environment variable name is not
                   defined or the file is not found by the
                   search, then this modifier expands to the
                   empty string

The modifiers can be combined to get compound results:

    %~dpI       - expands %I to a drive letter and path only
    %~nxI       - expands %I to a file name and extension only
    %~fsI       - expands %I to a full path name with short names only
    %~dp$PATH:I - searches the directories listed in the PATH
                   environment variable for %I and expands to the
                   drive letter and path of the first one found.
    %~ftzaI     - expands %I to a DIR like output line

In the above examples %I and PATH can be replaced by other valid
values.  The %~ syntax is terminated by a valid FOR variable name.
Picking upper case variable names like %I makes it more readable and
avoids confusion with the modifiers, which are not case sensitive.

C:\Users\EXL252\OneDrive\Privé\bat development>doforlist.bat

C:\Users\EXL252\OneDrive\Privé\bat development>SET "MACHINELIST="

C:\Users\EXL252\OneDrive\Privé\bat development>SET "COMMAND="

C:\Users\EXL252\OneDrive\Privé\bat development>IF "" == ""  ELSE
Opening list "".

C:\Users\EXL252\OneDrive\Privé\bat development>doforlist.bat

C:\Users\EXL252\OneDrive\Privé\bat development>SET "MACHINELIST="

C:\Users\EXL252\OneDrive\Privé\bat development>SET "COMMAND="

C:\Users\EXL252\OneDrive\Privé\bat development>IF NOT "" == ""  ELSE

C:\Users\EXL252\OneDrive\Privé\bat development>ECHO The syntax of this command is: :
The syntax of this command is: :

C:\Users\EXL252\OneDrive\Privé\bat development>ECHO nx0 [filename] [command-parameters]
nx0 [filename] [command-parameters]

C:\Users\EXL252\OneDrive\Privé\bat development>ECHO     filename                                A newline separated list.

    filename                            A newline separated list.

C:\Users\EXL252\OneDrive\Privé\bat development>ECHO     command-parameters              Specifies parameters or switches for
 the specified command.  1>&2
    command-parameters          Specifies parameters or switches for the specified command.

C:\Users\EXL252\OneDrive\Privé\bat development>doforlist.bat

C:\Users\EXL252\OneDrive\Privé\bat development>SET "MACHINELIST="

C:\Users\EXL252\OneDrive\Privé\bat development>SET "COMMAND="

C:\Users\EXL252\OneDrive\Privé\bat development>IF NOT "" == ""  ELSE
ERROR : Missing parameter filename.
The syntax of this command is: :
nx0 [filename] [command-parameters]
    filename                            A newline separated list.
    command-parameters          Specifies parameters or switches for the specified command.

C:\Users\EXL252\OneDrive\Privé\bat development>doforlist.bat

C:\Users\EXL252\OneDrive\Privé\bat development>SET "MACHINELIST="

C:\Users\EXL252\OneDrive\Privé\bat development>SET "COMMAND="

C:\Users\EXL252\OneDrive\Privé\bat development>IF NOT "" == ""  ELSE
ERROR : Missing parameter filename.

The syntax of this command is: :
nx0 [filename] [command-parameters]
    filename                            A newline separated list.
    command-parameters          Specifies parameters or switches for the specified command.

C:\Users\EXL252\OneDrive\Privé\bat development>doforlist.bat

C:\Users\EXL252\OneDrive\Privé\bat development>SET "MACHINELIST="

C:\Users\EXL252\OneDrive\Privé\bat development>SET "COMMAND="
ERROR : Missing parameter filename.

The syntax of this command is: :
nx0 [filename] [command-parameters]
    filename                            A newline separated list.
    command-parameters          Specifies parameters or switches for the specified command.

C:\Users\EXL252\OneDrive\Privé\bat development>doforlist.bat
ERROR : Missing parameter filename.

The syntax of this command is: :
nx0 [filename] [command-parameters]
    filename                            A newline separated list.
    command-parameters          Specifies parameters or switches for the specified command.

C:\Users\EXL252\OneDrive\Privé\bat development>doforlist.bat
ERROR : Missing parameter filename.

The syntax of this command is: :
nx0 [filename] [command-parameters]
    filename                            A newline separated list.
    command-parameters          Specifies parameters or switches for the specified command.

C:\Users\EXL252\OneDrive\Privé\bat development>doforlist.bat machinenames.csv
Opening list "machinenames.csv".
ERROR : Missing parameter command.

The syntax of this command is: :
nx0 [filename] [command-parameters]
    filename                            A newline separated list.
    command-parameters          Specifies parameters or switches for the specified command.

C:\Users\EXL252\OneDrive\Privé\bat development>doforlist.bat machinenames.csv "echo ^%1"
Opening list "machinenames.csv".
Registered command "echo ^%1".

C:\Users\EXL252\OneDrive\Privé\bat development>SET "LISTITEM=AALTV201"

C:\Users\EXL252\OneDrive\Privé\bat development>CALL echo %1
"AALTV201"

C:\Users\EXL252\OneDrive\Privé\bat development>SET "LISTITEM=AAPOV201"

C:\Users\EXL252\OneDrive\Privé\bat development>CALL echo %1
"AAPOV201"

C:\Users\EXL252\OneDrive\Privé\bat development>SET "LISTITEM=AAXWV201"

C:\Users\EXL252\OneDrive\Privé\bat development>CALL echo %1
"AAXWV201"

C:\Users\EXL252\OneDrive\Privé\bat development>SET "LISTITEM=AHTIV201"

C:\Users\EXL252\OneDrive\Privé\bat development>CALL echo %1
"AHTIV201"

C:\Users\EXL252\OneDrive\Privé\bat development>SET "LISTITEM=APHPV201"

C:\Users\EXL252\OneDrive\Privé\bat development>CALL echo %1
"APHPV201"

C:\Users\EXL252\OneDrive\Privé\bat development>SET "LISTITEM=APHPV202"

C:\Users\EXL252\OneDrive\Privé\bat development>CALL echo %1
"APHPV202"

C:\Users\EXL252\OneDrive\Privé\bat development>SET "LISTITEM=APHPV203"

C:\Users\EXL252\OneDrive\Privé\bat development>CALL echo %1
"APHPV203"

C:\Users\EXL252\OneDrive\Privé\bat development>SET "LISTITEM=APHPV401"

C:\Users\EXL252\OneDrive\Privé\bat development>CALL echo %1
"APHPV401"

C:\Users\EXL252\OneDrive\Privé\bat development>SET "LISTITEM=APHPV402"

C:\Users\EXL252\OneDrive\Privé\bat development>CALL echo %1
"APHPV402"

C:\Users\EXL252\OneDrive\Privé\bat development>SET "LISTITEM=ASZBAV201"

C:\Users\EXL252\OneDrive\Privé\bat development>CALL echo %1
"ASZBAV201"

C:\Users\EXL252\OneDrive\Privé\bat development>SET "LISTITEM=ASZBAV202"

C:\Users\EXL252\OneDrive\Privé\bat development>CALL echo %1
"ASZBAV202"

C:\Users\EXL252\OneDrive\Privé\bat development>SET "LISTITEM=ASZBAV203"

C:\Users\EXL252\OneDrive\Privé\bat development>CALL echo %1
"ASZBAV203"

C:\Users\EXL252\OneDrive\Privé\bat development>SET "LISTITEM=DAPOV201"

C:\Users\EXL252\OneDrive\Privé\bat development>CALL echo %1
"DAPOV201"

C:\Users\EXL252\OneDrive\Privé\bat development>SET "LISTITEM=DAXWV201"

C:\Users\EXL252\OneDrive\Privé\bat development>CALL echo %1
"DAXWV201"

C:\Users\EXL252\OneDrive\Privé\bat development>SET "LISTITEM=DCBSV401"

C:\Users\EXL252\OneDrive\Privé\bat development>CALL echo %1
"DCBSV401"

C:\Users\EXL252\OneDrive\Privé\bat development>SET "LISTITEM=DCBSV402"

C:\Users\EXL252\OneDrive\Privé\bat development>CALL echo %1
"DCBSV402"

C:\Users\EXL252\OneDrive\Privé\bat development>SET "LISTITEM=DESBV401"

C:\Users\EXL252\OneDrive\Privé\bat development>CALL echo %1
"DESBV401"

C:\Users\EXL252\OneDrive\Privé\bat development>SET "LISTITEM=DITUV201"

C:\Users\EXL252\OneDrive\Privé\bat development>CALL echo %1
"DITUV201"

C:\Users\EXL252\OneDrive\Privé\bat development>SET "LISTITEM=DNETV201"

C:\Users\EXL252\OneDrive\Privé\bat development>CALL echo %1
"DNETV201"

C:\Users\EXL252\OneDrive\Privé\bat development>SET "LISTITEM=DNETV202"

C:\Users\EXL252\OneDrive\Privé\bat development>CALL echo %1
"DNETV202"

C:\Users\EXL252\OneDrive\Privé\bat development>SET "LISTITEM=DPHPV201"

C:\Users\EXL252\OneDrive\Privé\bat development>CALL echo %1
"DPHPV201"

C:\Users\EXL252\OneDrive\Privé\bat development>SET "LISTITEM=DSZBDV201"

C:\Users\EXL252\OneDrive\Privé\bat development>CALL echo %1
"DSZBDV201"

C:\Users\EXL252\OneDrive\Privé\bat development>SET "LISTITEM=DSZBDV202"

C:\Users\EXL252\OneDrive\Privé\bat development>CALL echo %1
"DSZBDV202"

C:\Users\EXL252\OneDrive\Privé\bat development>SET "LISTITEM=DSZBSV201"

C:\Users\EXL252\OneDrive\Privé\bat development>CALL echo %1
"DSZBSV201"

C:\Users\EXL252\OneDrive\Privé\bat development>SET "LISTITEM=FSZBFV201"

C:\Users\EXL252\OneDrive\Privé\bat development>CALL echo %1
"FSZBFV201"

C:\Users\EXL252\OneDrive\Privé\bat development>SET "LISTITEM=FSZBFV202"

C:\Users\EXL252\OneDrive\Privé\bat development>CALL echo %1
"FSZBFV202"

C:\Users\EXL252\OneDrive\Privé\bat development>SET "LISTITEM=NIDHV201"

C:\Users\EXL252\OneDrive\Privé\bat development>CALL echo %1
"NIDHV201"

C:\Users\EXL252\OneDrive\Privé\bat development>SET "LISTITEM=NIDHV202"

C:\Users\EXL252\OneDrive\Privé\bat development>CALL echo %1
"NIDHV202"

C:\Users\EXL252\OneDrive\Privé\bat development>SET "LISTITEM=NIDHV203"

C:\Users\EXL252\OneDrive\Privé\bat development>CALL echo %1
"NIDHV203"

C:\Users\EXL252\OneDrive\Privé\bat development>SET "LISTITEM=NIDHV401"

C:\Users\EXL252\OneDrive\Privé\bat development>CALL echo %1
"NIDHV401"

C:\Users\EXL252\OneDrive\Privé\bat development>SET "LISTITEM=NIDHV402"

C:\Users\EXL252\OneDrive\Privé\bat development>CALL echo %1
"NIDHV402"

C:\Users\EXL252\OneDrive\Privé\bat development>SET "LISTITEM=NIDHV403"

C:\Users\EXL252\OneDrive\Privé\bat development>CALL echo %1
"NIDHV403"

C:\Users\EXL252\OneDrive\Privé\bat development>SET "LISTITEM=NNLBV201"

C:\Users\EXL252\OneDrive\Privé\bat development>CALL echo %1
"NNLBV201"

C:\Users\EXL252\OneDrive\Privé\bat development>SET "LISTITEM=NNLBV401"

C:\Users\EXL252\OneDrive\Privé\bat development>CALL echo %1
"NNLBV401"

C:\Users\EXL252\OneDrive\Privé\bat development>SET "LISTITEM=NPWKV201"

C:\Users\EXL252\OneDrive\Privé\bat development>CALL echo %1
"NPWKV201"

C:\Users\EXL252\OneDrive\Privé\bat development>SET "LISTITEM=PAPOV201"

C:\Users\EXL252\OneDrive\Privé\bat development>CALL echo %1
"PAPOV201"

C:\Users\EXL252\OneDrive\Privé\bat development>SET "LISTITEM=PAXWV201"

C:\Users\EXL252\OneDrive\Privé\bat development>CALL echo %1
"PAXWV201"

C:\Users\EXL252\OneDrive\Privé\bat development>SET "LISTITEM=PCACV201"

C:\Users\EXL252\OneDrive\Privé\bat development>CALL echo %1
"PCACV201"

C:\Users\EXL252\OneDrive\Privé\bat development>SET "LISTITEM=PCWMV002"

C:\Users\EXL252\OneDrive\Privé\bat development>CALL echo %1
"PCWMV002"

C:\Users\EXL252\OneDrive\Privé\bat development>SET "LISTITEM=PCWSV005"

C:\Users\EXL252\OneDrive\Privé\bat development>CALL echo %1
"PCWSV005"

C:\Users\EXL252\OneDrive\Privé\bat development>SET "LISTITEM=PDBOV401"

C:\Users\EXL252\OneDrive\Privé\bat development>CALL echo %1
"PDBOV401"

C:\Users\EXL252\OneDrive\Privé\bat development>SET "LISTITEM=PICMV201"

C:\Users\EXL252\OneDrive\Privé\bat development>CALL echo %1
"PICMV201"

C:\Users\EXL252\OneDrive\Privé\bat development>SET "LISTITEM=PICMV401"

C:\Users\EXL252\OneDrive\Privé\bat development>CALL echo %1
"PICMV401"

C:\Users\EXL252\OneDrive\Privé\bat development>SET "LISTITEM=PIDHV201"

C:\Users\EXL252\OneDrive\Privé\bat development>CALL echo %1
"PIDHV201"

C:\Users\EXL252\OneDrive\Privé\bat development>SET "LISTITEM=PIDHV202"

C:\Users\EXL252\OneDrive\Privé\bat development>CALL echo %1
"PIDHV202"

C:\Users\EXL252\OneDrive\Privé\bat development>SET "LISTITEM=PIDHV203"

C:\Users\EXL252\OneDrive\Privé\bat development>CALL echo %1
"PIDHV203"

C:\Users\EXL252\OneDrive\Privé\bat development>SET "LISTITEM=PIDHV204"

C:\Users\EXL252\OneDrive\Privé\bat development>CALL echo %1
"PIDHV204"

C:\Users\EXL252\OneDrive\Privé\bat development>SET "LISTITEM=PIDHV401"

C:\Users\EXL252\OneDrive\Privé\bat development>CALL echo %1
"PIDHV401"

C:\Users\EXL252\OneDrive\Privé\bat development>SET "LISTITEM=PIDHV402"

C:\Users\EXL252\OneDrive\Privé\bat development>CALL echo %1
"PIDHV402"

C:\Users\EXL252\OneDrive\Privé\bat development>SET "LISTITEM=PIDHV404"

C:\Users\EXL252\OneDrive\Privé\bat development>CALL echo %1
"PIDHV404"

C:\Users\EXL252\OneDrive\Privé\bat development>SET "LISTITEM=PIEMV206"

C:\Users\EXL252\OneDrive\Privé\bat development>CALL echo %1
"PIEMV206"

C:\Users\EXL252\OneDrive\Privé\bat development>SET "LISTITEM=PIEMV406"

C:\Users\EXL252\OneDrive\Privé\bat development>CALL echo %1
"PIEMV406"

C:\Users\EXL252\OneDrive\Privé\bat development>SET "LISTITEM=PINFV201"

C:\Users\EXL252\OneDrive\Privé\bat development>CALL echo %1
"PINFV201"

C:\Users\EXL252\OneDrive\Privé\bat development>SET "LISTITEM=PITUV201"

C:\Users\EXL252\OneDrive\Privé\bat development>CALL echo %1
"PITUV201"

C:\Users\EXL252\OneDrive\Privé\bat development>SET "LISTITEM=PJBSV404"

C:\Users\EXL252\OneDrive\Privé\bat development>CALL echo %1
"PJBSV404"

C:\Users\EXL252\OneDrive\Privé\bat development>SET "LISTITEM=PLCEV201"

C:\Users\EXL252\OneDrive\Privé\bat development>CALL echo %1
"PLCEV201"

C:\Users\EXL252\OneDrive\Privé\bat development>SET "LISTITEM=PMASV401"

C:\Users\EXL252\OneDrive\Privé\bat development>CALL echo %1
"PMASV401"

C:\Users\EXL252\OneDrive\Privé\bat development>SET "LISTITEM=PNBUV203"

C:\Users\EXL252\OneDrive\Privé\bat development>CALL echo %1
"PNBUV203"

C:\Users\EXL252\OneDrive\Privé\bat development>SET "LISTITEM=PNLBV201"

C:\Users\EXL252\OneDrive\Privé\bat development>CALL echo %1
"PNLBV201"

C:\Users\EXL252\OneDrive\Privé\bat development>SET "LISTITEM=PNLBV401"

C:\Users\EXL252\OneDrive\Privé\bat development>CALL echo %1
"PNLBV401"

C:\Users\EXL252\OneDrive\Privé\bat development>SET "LISTITEM=PNSCV201"

C:\Users\EXL252\OneDrive\Privé\bat development>CALL echo %1
"PNSCV201"

C:\Users\EXL252\OneDrive\Privé\bat development>SET "LISTITEM=POEMV401"

C:\Users\EXL252\OneDrive\Privé\bat development>CALL echo %1
"POEMV401"

C:\Users\EXL252\OneDrive\Privé\bat development>SET "LISTITEM=POVMV401"

C:\Users\EXL252\OneDrive\Privé\bat development>CALL echo %1
"POVMV401"

C:\Users\EXL252\OneDrive\Privé\bat development>SET "LISTITEM=PPHPV201"

C:\Users\EXL252\OneDrive\Privé\bat development>CALL echo %1
"PPHPV201"

C:\Users\EXL252\OneDrive\Privé\bat development>SET "LISTITEM=PPHPV202"

C:\Users\EXL252\OneDrive\Privé\bat development>CALL echo %1
"PPHPV202"

C:\Users\EXL252\OneDrive\Privé\bat development>SET "LISTITEM=PPHPV203"

C:\Users\EXL252\OneDrive\Privé\bat development>CALL echo %1
"PPHPV203"

C:\Users\EXL252\OneDrive\Privé\bat development>SET "LISTITEM=PPHPV401"

C:\Users\EXL252\OneDrive\Privé\bat development>CALL echo %1
"PPHPV401"

C:\Users\EXL252\OneDrive\Privé\bat development>SET "LISTITEM=PPHPV402"

C:\Users\EXL252\OneDrive\Privé\bat development>CALL echo %1
"PPHPV402"

C:\Users\EXL252\OneDrive\Privé\bat development>SET "LISTITEM=PPWKV201"

C:\Users\EXL252\OneDrive\Privé\bat development>CALL echo %1
"PPWKV201"

C:\Users\EXL252\OneDrive\Privé\bat development>SET "LISTITEM=PRHSV201"

C:\Users\EXL252\OneDrive\Privé\bat development>CALL echo %1
"PRHSV201"

C:\Users\EXL252\OneDrive\Privé\bat development>SET "LISTITEM=PRHSV401"

C:\Users\EXL252\OneDrive\Privé\bat development>CALL echo %1
"PRHSV401"

C:\Users\EXL252\OneDrive\Privé\bat development>SET "LISTITEM=PSLOV201"

C:\Users\EXL252\OneDrive\Privé\bat development>CALL echo %1
"PSLOV201"

C:\Users\EXL252\OneDrive\Privé\bat development>SET "LISTITEM=PSZBPV201"

C:\Users\EXL252\OneDrive\Privé\bat development>CALL echo %1
"PSZBPV201"

C:\Users\EXL252\OneDrive\Privé\bat development>SET "LISTITEM=PSZBPV202"

C:\Users\EXL252\OneDrive\Privé\bat development>CALL echo %1
"PSZBPV202"

C:\Users\EXL252\OneDrive\Privé\bat development>SET "LISTITEM=PSZBPV203"

C:\Users\EXL252\OneDrive\Privé\bat development>CALL echo %1
"PSZBPV203"

C:\Users\EXL252\OneDrive\Privé\bat development>SET "LISTITEM=PSZBPV204"

C:\Users\EXL252\OneDrive\Privé\bat development>CALL echo %1
"PSZBPV204"

C:\Users\EXL252\OneDrive\Privé\bat development>SET "LISTITEM=PSZBPV401"

C:\Users\EXL252\OneDrive\Privé\bat development>CALL echo %1
"PSZBPV401"

C:\Users\EXL252\OneDrive\Privé\bat development>SET "LISTITEM=PSZBPV402"

C:\Users\EXL252\OneDrive\Privé\bat development>CALL echo %1
"PSZBPV402"

C:\Users\EXL252\OneDrive\Privé\bat development>SET "LISTITEM=PSZBPV403"

C:\Users\EXL252\OneDrive\Privé\bat development>CALL echo %1
"PSZBPV403"

C:\Users\EXL252\OneDrive\Privé\bat development>SET "LISTITEM=PSZBPV404"

C:\Users\EXL252\OneDrive\Privé\bat development>CALL echo %1
"PSZBPV404"

C:\Users\EXL252\OneDrive\Privé\bat development>SET "LISTITEM=TIDHV401"

C:\Users\EXL252\OneDrive\Privé\bat development>CALL echo %1
"TIDHV401"

C:\Users\EXL252\OneDrive\Privé\bat development>SET "LISTITEM=TSZBTV201"

C:\Users\EXL252\OneDrive\Privé\bat development>CALL echo %1
"TSZBTV201"

C:\Users\EXL252\OneDrive\Privé\bat development>SET "LISTITEM=TSZBTV202"

C:\Users\EXL252\OneDrive\Privé\bat development>CALL echo %1
"TSZBTV202"

C:\Users\EXL252\OneDrive\Privé\bat development>SET "LISTITEM=TSZBTV203"

C:\Users\EXL252\OneDrive\Privé\bat development>CALL echo %1
"TSZBTV203"

C:\Users\EXL252\OneDrive\Privé\bat development>SET "LISTITEM=TSZBTV204"

C:\Users\EXL252\OneDrive\Privé\bat development>CALL echo %1
"TSZBTV204"

C:\Users\EXL252\OneDrive\Privé\bat development>SET "LISTITEM=TSZBTV401"

C:\Users\EXL252\OneDrive\Privé\bat development>CALL echo %1
"TSZBTV401"

C:\Users\EXL252\OneDrive\Privé\bat development>SET "LISTITEM=TSZBTV402"

C:\Users\EXL252\OneDrive\Privé\bat development>CALL echo %1
"TSZBTV402"

C:\Users\EXL252\OneDrive\Privé\bat development>SET "LISTITEM=TSZBTV403"

C:\Users\EXL252\OneDrive\Privé\bat development>CALL echo %1
"TSZBTV403"

C:\Users\EXL252\OneDrive\Privé\bat development>SET "LISTITEM=TSZBTV404"

C:\Users\EXL252\OneDrive\Privé\bat development>CALL echo %1
"TSZBTV404"

C:\Users\EXL252\OneDrive\Privé\bat development>SET "LISTITEM=XANSV401"

C:\Users\EXL252\OneDrive\Privé\bat development>CALL echo %1
"XANSV401"

C:\Users\EXL252\OneDrive\Privé\bat development>SET "LISTITEM=XEMSV201"

C:\Users\EXL252\OneDrive\Privé\bat development>CALL echo %1
"XEMSV201"

C:\Users\EXL252\OneDrive\Privé\bat development>SET "LISTITEM=XEMSV202"

C:\Users\EXL252\OneDrive\Privé\bat development>CALL echo %1
"XEMSV202"

C:\Users\EXL252\OneDrive\Privé\bat development>SET "LISTITEM=XEMSV203"

C:\Users\EXL252\OneDrive\Privé\bat development>CALL echo %1
"XEMSV203"

C:\Users\EXL252\OneDrive\Privé\bat development>SET "LISTITEM=XEMSV204"

C:\Users\EXL252\OneDrive\Privé\bat development>CALL echo %1
"XEMSV204"

C:\Users\EXL252\OneDrive\Privé\bat development>SET "LISTITEM=XEMSV401"

C:\Users\EXL252\OneDrive\Privé\bat development>CALL echo %1
"XEMSV401"

C:\Users\EXL252\OneDrive\Privé\bat development>SET "LISTITEM=XEMSV402"

C:\Users\EXL252\OneDrive\Privé\bat development>CALL echo %1
"XEMSV402"

C:\Users\EXL252\OneDrive\Privé\bat development>SET "LISTITEM=XEMSV404"

C:\Users\EXL252\OneDrive\Privé\bat development>CALL echo %1
"XEMSV404"

C:\Users\EXL252\OneDrive\Privé\bat development>SET "LISTITEM=XINFV201"

C:\Users\EXL252\OneDrive\Privé\bat development>CALL echo %1
"XINFV201"

C:\Users\EXL252\OneDrive\Privé\bat development>SET "LISTITEM=XINFV202"

C:\Users\EXL252\OneDrive\Privé\bat development>CALL echo %1
"XINFV202"

C:\Users\EXL252\OneDrive\Privé\bat development>SET "LISTITEM=XPHPV201"

C:\Users\EXL252\OneDrive\Privé\bat development>CALL echo %1
"XPHPV201"

C:\Users\EXL252\OneDrive\Privé\bat development>SET "LISTITEM=XSZBXV201"

C:\Users\EXL252\OneDrive\Privé\bat development>CALL echo %1
"XSZBXV201"

C:\Users\EXL252\OneDrive\Privé\bat development>SET "LISTITEM=PHANS201"

C:\Users\EXL252\OneDrive\Privé\bat development>CALL echo %1
"PHANS201"

C:\Users\EXL252\OneDrive\Privé\bat development>SET "LISTITEM=PHANS401"

C:\Users\EXL252\OneDrive\Privé\bat development>CALL echo %1
"PHANS401"

C:\Users\EXL252\OneDrive\Privé\bat development>SET "LISTITEM=PSHANS203"

C:\Users\EXL252\OneDrive\Privé\bat development>CALL echo %1
"PSHANS203"

C:\Users\EXL252\OneDrive\Privé\bat development>SET "LISTITEM=PBWAB401"

C:\Users\EXL252\OneDrive\Privé\bat development>CALL echo %1
"PBWAB401"

C:\Users\EXL252\OneDrive\Privé\bat development>SET "LISTITEM=PBWAB402"

C:\Users\EXL252\OneDrive\Privé\bat development>CALL echo %1
"PBWAB402"

C:\Users\EXL252\OneDrive\Privé\bat development>SET "LISTITEM=PBWAB403"

C:\Users\EXL252\OneDrive\Privé\bat development>CALL echo %1
"PBWAB403"

C:\Users\EXL252\OneDrive\Privé\bat development>SET "LISTITEM=PBWAB404"

C:\Users\EXL252\OneDrive\Privé\bat development>CALL echo %1
"PBWAB404"

C:\Users\EXL252\OneDrive\Privé\bat development>SET "LISTITEM=PBWAB405"

C:\Users\EXL252\OneDrive\Privé\bat development>CALL echo %1
"PBWAB405"

C:\Users\EXL252\OneDrive\Privé\bat development>doforlist.bat machinenames.csv "@echo ^%1"
Opening list "machinenames.csv".
Registered command "@echo ^%1".

C:\Users\EXL252\OneDrive\Privé\bat development>SET "LISTITEM=AALTV201"

C:\Users\EXL252\OneDrive\Privé\bat development>CALL @echo %1

C:\Users\EXL252\OneDrive\Privé\bat development>SET "LISTITEM=AAPOV201"

C:\Users\EXL252\OneDrive\Privé\bat development>CALL @echo %1

C:\Users\EXL252\OneDrive\Privé\bat development>SET "LISTITEM=AAXWV201"

C:\Users\EXL252\OneDrive\Privé\bat development>CALL @echo %1

C:\Users\EXL252\OneDrive\Privé\bat development>SET "LISTITEM=AHTIV201"

C:\Users\EXL252\OneDrive\Privé\bat development>CALL @echo %1

C:\Users\EXL252\OneDrive\Privé\bat development>SET "LISTITEM=APHPV201"

C:\Users\EXL252\OneDrive\Privé\bat development>CALL @echo %1

C:\Users\EXL252\OneDrive\Privé\bat development>SET "LISTITEM=APHPV202"

C:\Users\EXL252\OneDrive\Privé\bat development>CALL @echo %1

C:\Users\EXL252\OneDrive\Privé\bat development>SET "LISTITEM=APHPV203"

C:\Users\EXL252\OneDrive\Privé\bat development>CALL @echo %1

C:\Users\EXL252\OneDrive\Privé\bat development>SET "LISTITEM=APHPV401"

C:\Users\EXL252\OneDrive\Privé\bat development>CALL @echo %1

C:\Users\EXL252\OneDrive\Privé\bat development>SET "LISTITEM=APHPV402"

C:\Users\EXL252\OneDrive\Privé\bat development>CALL @echo %1

C:\Users\EXL252\OneDrive\Privé\bat development>SET "LISTITEM=ASZBAV201"

C:\Users\EXL252\OneDrive\Privé\bat development>CALL @echo %1

C:\Users\EXL252\OneDrive\Privé\bat development>SET "LISTITEM=ASZBAV202"

C:\Users\EXL252\OneDrive\Privé\bat development>CALL @echo %1

C:\Users\EXL252\OneDrive\Privé\bat development>SET "LISTITEM=ASZBAV203"

C:\Users\EXL252\OneDrive\Privé\bat development>CALL @echo %1

C:\Users\EXL252\OneDrive\Privé\bat development>SET "LISTITEM=DAPOV201"

C:\Users\EXL252\OneDrive\Privé\bat development>CALL @echo %1

C:\Users\EXL252\OneDrive\Privé\bat development>SET "LISTITEM=DAXWV201"

C:\Users\EXL252\OneDrive\Privé\bat development>CALL @echo %1

C:\Users\EXL252\OneDrive\Privé\bat development>SET "LISTITEM=DCBSV401"

C:\Users\EXL252\OneDrive\Privé\bat development>CALL @echo %1

C:\Users\EXL252\OneDrive\Privé\bat development>SET "LISTITEM=DCBSV402"

C:\Users\EXL252\OneDrive\Privé\bat development>CALL @echo %1

C:\Users\EXL252\OneDrive\Privé\bat development>SET "LISTITEM=DESBV401"

C:\Users\EXL252\OneDrive\Privé\bat development>CALL @echo %1

C:\Users\EXL252\OneDrive\Privé\bat development>SET "LISTITEM=DITUV201"

C:\Users\EXL252\OneDrive\Privé\bat development>CALL @echo %1

C:\Users\EXL252\OneDrive\Privé\bat development>SET "LISTITEM=DNETV201"

C:\Users\EXL252\OneDrive\Privé\bat development>CALL @echo %1

C:\Users\EXL252\OneDrive\Privé\bat development>SET "LISTITEM=DNETV202"

C:\Users\EXL252\OneDrive\Privé\bat development>CALL @echo %1

C:\Users\EXL252\OneDrive\Privé\bat development>SET "LISTITEM=DPHPV201"

C:\Users\EXL252\OneDrive\Privé\bat development>CALL @echo %1

C:\Users\EXL252\OneDrive\Privé\bat development>SET "LISTITEM=DSZBDV201"

C:\Users\EXL252\OneDrive\Privé\bat development>CALL @echo %1

C:\Users\EXL252\OneDrive\Privé\bat development>SET "LISTITEM=DSZBDV202"

C:\Users\EXL252\OneDrive\Privé\bat development>CALL @echo %1

C:\Users\EXL252\OneDrive\Privé\bat development>SET "LISTITEM=DSZBSV201"

C:\Users\EXL252\OneDrive\Privé\bat development>CALL @echo %1

C:\Users\EXL252\OneDrive\Privé\bat development>SET "LISTITEM=FSZBFV201"

C:\Users\EXL252\OneDrive\Privé\bat development>CALL @echo %1

C:\Users\EXL252\OneDrive\Privé\bat development>SET "LISTITEM=FSZBFV202"

C:\Users\EXL252\OneDrive\Privé\bat development>CALL @echo %1

C:\Users\EXL252\OneDrive\Privé\bat development>SET "LISTITEM=NIDHV201"

C:\Users\EXL252\OneDrive\Privé\bat development>CALL @echo %1

C:\Users\EXL252\OneDrive\Privé\bat development>SET "LISTITEM=NIDHV202"

C:\Users\EXL252\OneDrive\Privé\bat development>CALL @echo %1

C:\Users\EXL252\OneDrive\Privé\bat development>SET "LISTITEM=NIDHV203"

C:\Users\EXL252\OneDrive\Privé\bat development>CALL @echo %1

C:\Users\EXL252\OneDrive\Privé\bat development>SET "LISTITEM=NIDHV401"

C:\Users\EXL252\OneDrive\Privé\bat development>CALL @echo %1

C:\Users\EXL252\OneDrive\Privé\bat development>SET "LISTITEM=NIDHV402"

C:\Users\EXL252\OneDrive\Privé\bat development>CALL @echo %1

C:\Users\EXL252\OneDrive\Privé\bat development>SET "LISTITEM=NIDHV403"

C:\Users\EXL252\OneDrive\Privé\bat development>CALL @echo %1

C:\Users\EXL252\OneDrive\Privé\bat development>SET "LISTITEM=NNLBV201"

C:\Users\EXL252\OneDrive\Privé\bat development>CALL @echo %1

C:\Users\EXL252\OneDrive\Privé\bat development>SET "LISTITEM=NNLBV401"

C:\Users\EXL252\OneDrive\Privé\bat development>CALL @echo %1

C:\Users\EXL252\OneDrive\Privé\bat development>SET "LISTITEM=NPWKV201"

C:\Users\EXL252\OneDrive\Privé\bat development>CALL @echo %1

C:\Users\EXL252\OneDrive\Privé\bat development>SET "LISTITEM=PAPOV201"

C:\Users\EXL252\OneDrive\Privé\bat development>CALL @echo %1

C:\Users\EXL252\OneDrive\Privé\bat development>SET "LISTITEM=PAXWV201"

C:\Users\EXL252\OneDrive\Privé\bat development>CALL @echo %1

C:\Users\EXL252\OneDrive\Privé\bat development>SET "LISTITEM=PCACV201"

C:\Users\EXL252\OneDrive\Privé\bat development>CALL @echo %1

C:\Users\EXL252\OneDrive\Privé\bat development>SET "LISTITEM=PCWMV002"

C:\Users\EXL252\OneDrive\Privé\bat development>CALL @echo %1

C:\Users\EXL252\OneDrive\Privé\bat development>SET "LISTITEM=PCWSV005"

C:\Users\EXL252\OneDrive\Privé\bat development>CALL @echo %1

C:\Users\EXL252\OneDrive\Privé\bat development>SET "LISTITEM=PDBOV401"

C:\Users\EXL252\OneDrive\Privé\bat development>CALL @echo %1

C:\Users\EXL252\OneDrive\Privé\bat development>SET "LISTITEM=PICMV201"

C:\Users\EXL252\OneDrive\Privé\bat development>CALL @echo %1

C:\Users\EXL252\OneDrive\Privé\bat development>SET "LISTITEM=PICMV401"

C:\Users\EXL252\OneDrive\Privé\bat development>CALL @echo %1

C:\Users\EXL252\OneDrive\Privé\bat development>SET "LISTITEM=PIDHV201"

C:\Users\EXL252\OneDrive\Privé\bat development>CALL @echo %1

C:\Users\EXL252\OneDrive\Privé\bat development>SET "LISTITEM=PIDHV202"

C:\Users\EXL252\OneDrive\Privé\bat development>CALL @echo %1

C:\Users\EXL252\OneDrive\Privé\bat development>SET "LISTITEM=PIDHV203"

C:\Users\EXL252\OneDrive\Privé\bat development>CALL @echo %1

C:\Users\EXL252\OneDrive\Privé\bat development>SET "LISTITEM=PIDHV204"

C:\Users\EXL252\OneDrive\Privé\bat development>CALL @echo %1

C:\Users\EXL252\OneDrive\Privé\bat development>SET "LISTITEM=PIDHV401"

C:\Users\EXL252\OneDrive\Privé\bat development>CALL @echo %1

C:\Users\EXL252\OneDrive\Privé\bat development>SET "LISTITEM=PIDHV402"

C:\Users\EXL252\OneDrive\Privé\bat development>CALL @echo %1

C:\Users\EXL252\OneDrive\Privé\bat development>SET "LISTITEM=PIDHV404"

C:\Users\EXL252\OneDrive\Privé\bat development>CALL @echo %1

C:\Users\EXL252\OneDrive\Privé\bat development>SET "LISTITEM=PIEMV206"

C:\Users\EXL252\OneDrive\Privé\bat development>CALL @echo %1

C:\Users\EXL252\OneDrive\Privé\bat development>SET "LISTITEM=PIEMV406"

C:\Users\EXL252\OneDrive\Privé\bat development>CALL @echo %1

C:\Users\EXL252\OneDrive\Privé\bat development>SET "LISTITEM=PINFV201"

C:\Users\EXL252\OneDrive\Privé\bat development>CALL @echo %1

C:\Users\EXL252\OneDrive\Privé\bat development>SET "LISTITEM=PITUV201"

C:\Users\EXL252\OneDrive\Privé\bat development>CALL @echo %1

C:\Users\EXL252\OneDrive\Privé\bat development>SET "LISTITEM=PJBSV404"

C:\Users\EXL252\OneDrive\Privé\bat development>CALL @echo %1

C:\Users\EXL252\OneDrive\Privé\bat development>SET "LISTITEM=PLCEV201"

C:\Users\EXL252\OneDrive\Privé\bat development>CALL @echo %1

C:\Users\EXL252\OneDrive\Privé\bat development>SET "LISTITEM=PMASV401"

C:\Users\EXL252\OneDrive\Privé\bat development>CALL @echo %1

C:\Users\EXL252\OneDrive\Privé\bat development>SET "LISTITEM=PNBUV203"

C:\Users\EXL252\OneDrive\Privé\bat development>CALL @echo %1

C:\Users\EXL252\OneDrive\Privé\bat development>SET "LISTITEM=PNLBV201"

C:\Users\EXL252\OneDrive\Privé\bat development>CALL @echo %1

C:\Users\EXL252\OneDrive\Privé\bat development>SET "LISTITEM=PNLBV401"

C:\Users\EXL252\OneDrive\Privé\bat development>CALL @echo %1

C:\Users\EXL252\OneDrive\Privé\bat development>SET "LISTITEM=PNSCV201"

C:\Users\EXL252\OneDrive\Privé\bat development>CALL @echo %1

C:\Users\EXL252\OneDrive\Privé\bat development>SET "LISTITEM=POEMV401"

C:\Users\EXL252\OneDrive\Privé\bat development>CALL @echo %1

C:\Users\EXL252\OneDrive\Privé\bat development>SET "LISTITEM=POVMV401"

C:\Users\EXL252\OneDrive\Privé\bat development>CALL @echo %1

C:\Users\EXL252\OneDrive\Privé\bat development>SET "LISTITEM=PPHPV201"

C:\Users\EXL252\OneDrive\Privé\bat development>CALL @echo %1

C:\Users\EXL252\OneDrive\Privé\bat development>SET "LISTITEM=PPHPV202"

C:\Users\EXL252\OneDrive\Privé\bat development>CALL @echo %1

C:\Users\EXL252\OneDrive\Privé\bat development>SET "LISTITEM=PPHPV203"

C:\Users\EXL252\OneDrive\Privé\bat development>CALL @echo %1

C:\Users\EXL252\OneDrive\Privé\bat development>SET "LISTITEM=PPHPV401"

C:\Users\EXL252\OneDrive\Privé\bat development>CALL @echo %1

C:\Users\EXL252\OneDrive\Privé\bat development>SET "LISTITEM=PPHPV402"

C:\Users\EXL252\OneDrive\Privé\bat development>CALL @echo %1

C:\Users\EXL252\OneDrive\Privé\bat development>SET "LISTITEM=PPWKV201"

C:\Users\EXL252\OneDrive\Privé\bat development>CALL @echo %1

C:\Users\EXL252\OneDrive\Privé\bat development>SET "LISTITEM=PRHSV201"

C:\Users\EXL252\OneDrive\Privé\bat development>CALL @echo %1

C:\Users\EXL252\OneDrive\Privé\bat development>SET "LISTITEM=PRHSV401"

C:\Users\EXL252\OneDrive\Privé\bat development>CALL @echo %1

C:\Users\EXL252\OneDrive\Privé\bat development>SET "LISTITEM=PSLOV201"

C:\Users\EXL252\OneDrive\Privé\bat development>CALL @echo %1

C:\Users\EXL252\OneDrive\Privé\bat development>SET "LISTITEM=PSZBPV201"

C:\Users\EXL252\OneDrive\Privé\bat development>CALL @echo %1

C:\Users\EXL252\OneDrive\Privé\bat development>SET "LISTITEM=PSZBPV202"

C:\Users\EXL252\OneDrive\Privé\bat development>CALL @echo %1

C:\Users\EXL252\OneDrive\Privé\bat development>SET "LISTITEM=PSZBPV203"

C:\Users\EXL252\OneDrive\Privé\bat development>CALL @echo %1

C:\Users\EXL252\OneDrive\Privé\bat development>SET "LISTITEM=PSZBPV204"

C:\Users\EXL252\OneDrive\Privé\bat development>CALL @echo %1

C:\Users\EXL252\OneDrive\Privé\bat development>SET "LISTITEM=PSZBPV401"

C:\Users\EXL252\OneDrive\Privé\bat development>CALL @echo %1

C:\Users\EXL252\OneDrive\Privé\bat development>SET "LISTITEM=PSZBPV402"

C:\Users\EXL252\OneDrive\Privé\bat development>CALL @echo %1

C:\Users\EXL252\OneDrive\Privé\bat development>SET "LISTITEM=PSZBPV403"

C:\Users\EXL252\OneDrive\Privé\bat development>CALL @echo %1

C:\Users\EXL252\OneDrive\Privé\bat development>SET "LISTITEM=PSZBPV404"

C:\Users\EXL252\OneDrive\Privé\bat development>CALL @echo %1

C:\Users\EXL252\OneDrive\Privé\bat development>SET "LISTITEM=TIDHV401"

C:\Users\EXL252\OneDrive\Privé\bat development>CALL @echo %1

C:\Users\EXL252\OneDrive\Privé\bat development>SET "LISTITEM=TSZBTV201"

C:\Users\EXL252\OneDrive\Privé\bat development>CALL @echo %1

C:\Users\EXL252\OneDrive\Privé\bat development>SET "LISTITEM=TSZBTV202"

C:\Users\EXL252\OneDrive\Privé\bat development>CALL @echo %1

C:\Users\EXL252\OneDrive\Privé\bat development>SET "LISTITEM=TSZBTV203"

C:\Users\EXL252\OneDrive\Privé\bat development>CALL @echo %1

C:\Users\EXL252\OneDrive\Privé\bat development>SET "LISTITEM=TSZBTV204"

C:\Users\EXL252\OneDrive\Privé\bat development>CALL @echo %1

C:\Users\EXL252\OneDrive\Privé\bat development>SET "LISTITEM=TSZBTV401"

C:\Users\EXL252\OneDrive\Privé\bat development>CALL @echo %1

C:\Users\EXL252\OneDrive\Privé\bat development>SET "LISTITEM=TSZBTV402"

C:\Users\EXL252\OneDrive\Privé\bat development>CALL @echo %1

C:\Users\EXL252\OneDrive\Privé\bat development>SET "LISTITEM=TSZBTV403"

C:\Users\EXL252\OneDrive\Privé\bat development>CALL @echo %1

C:\Users\EXL252\OneDrive\Privé\bat development>SET "LISTITEM=TSZBTV404"

C:\Users\EXL252\OneDrive\Privé\bat development>CALL @echo %1

C:\Users\EXL252\OneDrive\Privé\bat development>SET "LISTITEM=XANSV401"

C:\Users\EXL252\OneDrive\Privé\bat development>CALL @echo %1

C:\Users\EXL252\OneDrive\Privé\bat development>SET "LISTITEM=XEMSV201"

C:\Users\EXL252\OneDrive\Privé\bat development>CALL @echo %1

C:\Users\EXL252\OneDrive\Privé\bat development>SET "LISTITEM=XEMSV202"

C:\Users\EXL252\OneDrive\Privé\bat development>CALL @echo %1

C:\Users\EXL252\OneDrive\Privé\bat development>SET "LISTITEM=XEMSV203"

C:\Users\EXL252\OneDrive\Privé\bat development>CALL @echo %1

C:\Users\EXL252\OneDrive\Privé\bat development>SET "LISTITEM=XEMSV204"

C:\Users\EXL252\OneDrive\Privé\bat development>CALL @echo %1

C:\Users\EXL252\OneDrive\Privé\bat development>SET "LISTITEM=XEMSV401"

C:\Users\EXL252\OneDrive\Privé\bat development>CALL @echo %1

C:\Users\EXL252\OneDrive\Privé\bat development>SET "LISTITEM=XEMSV402"

C:\Users\EXL252\OneDrive\Privé\bat development>CALL @echo %1

C:\Users\EXL252\OneDrive\Privé\bat development>SET "LISTITEM=XEMSV404"

C:\Users\EXL252\OneDrive\Privé\bat development>CALL @echo %1

C:\Users\EXL252\OneDrive\Privé\bat development>SET "LISTITEM=XINFV201"

C:\Users\EXL252\OneDrive\Privé\bat development>CALL @echo %1

C:\Users\EXL252\OneDrive\Privé\bat development>SET "LISTITEM=XINFV202"

C:\Users\EXL252\OneDrive\Privé\bat development>CALL @echo %1

C:\Users\EXL252\OneDrive\Privé\bat development>SET "LISTITEM=XPHPV201"

C:\Users\EXL252\OneDrive\Privé\bat development>CALL @echo %1

C:\Users\EXL252\OneDrive\Privé\bat development>SET "LISTITEM=XSZBXV201"

C:\Users\EXL252\OneDrive\Privé\bat development>CALL @echo %1

C:\Users\EXL252\OneDrive\Privé\bat development>SET "LISTITEM=PHANS201"

C:\Users\EXL252\OneDrive\Privé\bat development>CALL @echo %1

C:\Users\EXL252\OneDrive\Privé\bat development>SET "LISTITEM=PHANS401"

C:\Users\EXL252\OneDrive\Privé\bat development>CALL @echo %1

C:\Users\EXL252\OneDrive\Privé\bat development>SET "LISTITEM=PSHANS203"

C:\Users\EXL252\OneDrive\Privé\bat development>CALL @echo %1

C:\Users\EXL252\OneDrive\Privé\bat development>SET "LISTITEM=PBWAB401"

C:\Users\EXL252\OneDrive\Privé\bat development>CALL @echo %1

C:\Users\EXL252\OneDrive\Privé\bat development>SET "LISTITEM=PBWAB402"

C:\Users\EXL252\OneDrive\Privé\bat development>CALL @echo %1

C:\Users\EXL252\OneDrive\Privé\bat development>SET "LISTITEM=PBWAB403"

C:\Users\EXL252\OneDrive\Privé\bat development>CALL @echo %1

C:\Users\EXL252\OneDrive\Privé\bat development>SET "LISTITEM=PBWAB404"

C:\Users\EXL252\OneDrive\Privé\bat development>CALL @echo %1

C:\Users\EXL252\OneDrive\Privé\bat development>SET "LISTITEM=PBWAB405"

C:\Users\EXL252\OneDrive\Privé\bat development>CALL @echo %1

C:\Users\EXL252\OneDrive\Privé\bat development>doforlist.bat machinenames.csv "@echo ^%1"
Opening list "machinenames.csv".
Registered command "@echo ^%1".

C:\Users\EXL252\OneDrive\Privé\bat development>doforlist.bat machinenames.csv "@echo %%1"
Opening list "machinenames.csv".
Registered command "@echo %%1".

C:\Users\EXL252\OneDrive\Privé\bat development>doforlist.bat machinenames.csv "@echo %1"
Opening list "machinenames.csv".
Registered command "@echo %1".

C:\Users\EXL252\OneDrive\Privé\bat development>doforlist.bat machinenames.csv "@echo %listitem%"
Opening list "machinenames.csv".
Registered command "@echo PBWAB405".

C:\Users\EXL252\OneDrive\Privé\bat development>doforlist.bat machinenames.csv "@echo iets %listitem%"
Opening list "machinenames.csv".
Registered command "@echo iets PBWAB405".

C:\Users\EXL252\OneDrive\Privé\bat development>doforlist.bat machinenames.csv "ping %listitem%"
Opening list "machinenames.csv".
Registered command "ping PBWAB405".
Ping request could not find host PBWAB405. Please check the name and try again.
Ping request could not find host PBWAB405. Please check the name and try again.
^CTerminate batch job (Y/N)? y

C:\Users\EXL252\OneDrive\Privé\bat development>doforlist.bat machinenames.csv "ping -n 1 %listitem%"
Opening list "machinenames.csv".
Registered command "ping -n 1 AAXWV201".
Ping request could not find host AAXWV201. Please check the name and try again.
Ping request could not find host AAXWV201. Please check the name and try again.
Ping request could not find host AAXWV201. Please check the name and try again.
Ping request could not find host AAXWV201. Please check the name and try again.
Ping request could not find host AAXWV201. Please check the name and try again.
^CTerminate batch job (Y/N)? y

C:\Users\EXL252\OneDrive\Privé\bat development>doforlist.bat machinenames.csv "ping -n 1 ^%listitem^%"
Opening list "machinenames.csv".
Registered command "ping -n 1 ^%listitem^%".
Ping request could not find host AALTV201. Please check the name and try again.
Ping request could not find host AAPOV201. Please check the name and try again.
Ping request could not find host AAXWV201. Please check the name and try again.
Ping request could not find host AHTIV201. Please check the name and try again.
Ping request could not find host APHPV201. Please check the name and try again.
Ping request could not find host APHPV202. Please check the name and try again.
Ping request could not find host APHPV203. Please check the name and try again.
^CTerminate batch job (Y/N)? y

C:\Users\EXL252\OneDrive\Privé\bat development>doforlist.bat machinenames.csv "ping -n 1 ^%1"
Opening list "machinenames.csv".
Registered command "ping -n 1 ^%1".
Ping request could not find host AALTV201. Please check the name and try again.
Ping request could not find host AAPOV201. Please check the name and try again.
Ping request could not find host AAXWV201. Please check the name and try again.
^CTerminate batch job (Y/N)? y

C:\Users\EXL252\OneDrive\Privé\bat development>doforlist.bat
ERROR : Missing parameter filename.

The syntax of this command is: :
nx0 [filename] [command-parameters]
    filename                            A newline separated list.
    command-parameters          Specifies parameters or switches for the specified command.

C:\Users\EXL252\OneDrive\Privé\bat development>doforlist.bat
ERROR : Missing parameter filename.

The syntax of this command is: :
doforlist.bat [filename] [command-parameters]
    filename                            A newline separated list.
    command-parameters          Specifies parameters or switches for the specified command.
Examples :
doforlist.bat machinenames.csv "ping -n 1 ^"
doforlist.bat machinenames.csv "ping -n 1 ^"

C:\Users\EXL252\OneDrive\Privé\bat development>doforlist
ERROR : Missing parameter filename.

The syntax of this command is: :
doforlist.bat [filename] [command-parameters]
    filename                            A newline separated list.
    command-parameters          Specifies parameters or switches for the specified command.
Examples :
doforlist.bat machinenames.csv "ping -n 1 ^"
doforlist.bat machinenames.csv "ping -n 1 ^"

C:\Users\EXL252\OneDrive\Privé\bat development>doforlist
ERROR : Missing parameter filename.

The syntax of this command is: :
doforlist [filename] [command-parameters]
    filename                            A newline separated list.
    command-parameters          Specifies parameters or switches for the specified command.
Examples :
doforlist.bat machinenames.csv "ping -n 1 ^"
doforlist.bat machinenames.csv "ping -n 1 ^"

C:\Users\EXL252\OneDrive\Privé\bat development>doforlist.bat
ERROR : Missing parameter filename.

The syntax of this command is: :
doforlist [filename] [command-parameters]
    filename                            A newline separated list.
    command-parameters          Specifies parameters or switches for the specified command.
Examples :
doforlist.bat machinenames.csv "ping -n 1 ^"
doforlist.bat machinenames.csv "ping -n 1 ^"

C:\Users\EXL252\OneDrive\Privé\bat development>doforlist.bat
ERROR : Missing parameter filename.

The syntax of this command is: :
doforlist [filename] [command-parameters]
    filename                            A newline separated list.
    command-parameters          Specifies parameters or switches for the specified command.
Examples :
doforlist.bat machinenames.csv "ping -n 1 ^%1"
doforlist.bat machinenames.csv "ping -n 1 ^%listitem^%"

C:\Users\EXL252\OneDrive\Privé\bat development>doforlist.bat machinenames.csv "ping -n 1 %%1"
Opening list "machinenames.csv".
Registered command "ping -n 1 %%1".
Ping request could not find host %1. Please check the name and try again.
Ping request could not find host %1. Please check the name and try again.
Ping request could not find host %1. Please check the name and try again.
^CTerminate batch job (Y/N)? y

C:\Users\EXL252\OneDrive\Privé\bat development>doforlist.bat machinenames.csv "ping -n 1 ^%1"
Opening list "machinenames.csv".
Registered command "ping -n 1 ^%1".
Ping request could not find host AALTV201. Please check the name and try again.
Ping request could not find host AAPOV201. Please check the name and try again.
^CTerminate batch job (Y/N)? y

C:\Users\EXL252\OneDrive\Privé\bat development>doforlist.bat machinenames.csv "ping -n 1 %1"
Opening list "machinenames.csv".
Registered command "ping -n 1 %1".
Ping request could not find host AALTV201. Please check the name and try again.
Ping request could not find host AAPOV201. Please check the name and try again.
Ping request could not find host AAXWV201. Please check the name and try again.
Ping request could not find host AHTIV201. Please check the name and try again.
^CTerminate batch job (Y/N)? y

C:\Users\EXL252\OneDrive\Privé\bat development>y